Microchip MPLAB XC8 Compiler V2.31

Linker command line:

-W-3 --edf=C:\Program Files\Microchip\xc8\v2.31\pic\dat\en_msgs.txt -cn \
  -h+dist/default/production\Casa-domotica-master.production.sym \
  --cmf=dist/default/production\Casa-domotica-master.production.cmf -z \
  -Q16F887 -oC:\Users\Alex\AppData\Local\Temp\sd18.2 \
  --defsym=__MPLAB_BUILD=1 \
  -Mdist/default/production/Casa-domotica-master.production.map -E1 \
  -ver=XC8 Compiler --acfsm=1493 -ASTACK=0110h-016Fh -pstack=STACK \
  -ACODE=00h-07FFhx4 -ASTRCODE=00h-01FFFh -ASTRING=00h-0FFhx32 \
  -ACONST=00h-0FFhx32 -AENTRY=00h-0FFhx32 -ACOMMON=070h-07Fh \
  -ABANK0=020h-06Fh -ABANK1=0A0h-0EFh -ABANK2=0110h-016Fh \
  -ABANK3=0190h-01EFh -ARAM=020h-06Fh,0A0h-0EFh,0110h-016Fh,0190h-01EFh \
  -AABS1=020h-07Fh,0A0h-0EFh,0110h-016Fh,0190h-01EFh -ASFR0=00h-01Fh \
  -ASFR1=080h-09Fh -ASFR2=0100h-010Fh -ASFR3=0180h-018Fh \
  -ACONFIG=02007h-02008h -DCONFIG=2 -AIDLOC=02000h-02003h -DIDLOC=2 \
  -AEEDATA=00h-0FFh/02100h -peeprom_data=EEDATA -DEEDATA=2 -DCODE=2 \
  -DSTRCODE=2 -DSTRING=2 -DCONST=2 -DENTRY=2 \
  -preset_vec=00h,intentry=04h,init,end_init -ppowerup=CODE -pcinit=CODE \
  -pfunctab=ENTRY -k C:\Users\Alex\AppData\Local\Temp\sd18.o \
  dist/default/production\Casa-domotica-master.production.o 

Object code version is 3.11

Machine type is 16F887



                Name                               Link     Load   Length Selector   Space Scale
C:\Users\Alex\AppData\Local\Temp\sd18.o
                end_init                             12       12        3        8       0
                reset_vec                             0        0        3        0       0
                config                             2007     2007        2        0       4
dist/default/production\Casa-domotica-master.production.o
                cinit                                15       15       12        8       0
                intentry                              4        4        E        8       0
                config                             2007     2007        2        0       4
                text11                              301      301       14      558       0
                text10                              2ED      2ED       14      558       0
                text9                               17B      17B       56        8       0
                text8                               2D8      2D8       15      558       0
                text7                               1D1      1D1       38        8       0
                text6                               239      239       2F        8       0
                text5                               2C3      2C3       15      558       0
                text4                               2AC      2AC       17      558       0
                text3                               209      209       30        8       0
                text2                                27       27       B9        8       0
                text1                                E0       E0       9B        8       0
                maintext                            268      268       24        8       0
                cstackBANK0                          20       20       26       20       1
                cstackCOMMON                         70       70        D       70       1
                inittext                            315      315       13      558       0
                dataBANK0                            46       46       10       20       1
                strings                             28C      28C       20      518       0
                idataBANK0                          328      328       10      558       0

TOTAL           Name                               Link     Load   Length     Space
        CLASS   STACK          

        CLASS   CODE           
                end_init                             12       12        3         0
                cinit                                15       15       12         0
                intentry                              4        4        E         0
                reset_vec                             0        0        3         0
                text11                              301      301       14         0
                text10                              2ED      2ED       14         0
                text9                               17B      17B       56         0
                text8                               2D8      2D8       15         0
                text7                               1D1      1D1       38         0
                text6                               239      239       2F         0
                text5                               2C3      2C3       15         0
                text4                               2AC      2AC       17         0
                text3                               209      209       30         0
                text2                                27       27       B9         0
                text1                                E0       E0       9B         0
                maintext                            268      268       24         0
                inittext                            315      315       13         0
                idataBANK0                          328      328       10         0

        CLASS   STRCODE        

        CLASS   STRING         
                strings                             28C      28C       20         0

        CLASS   CONST          

        CLASS   ENTRY          

        CLASS   COMMON         
                cstackCOMMON                         70       70        D         1

        CLASS   BANK0          
                cstackBANK0                          20       20       26         1
                dataBANK0                            46       46       10         1

        CLASS   BANK1          

        CLASS   BANK2          

        CLASS   BANK3          

        CLASS   RAM            

        CLASS   ABS1           
                abs_s1                               7E       7E        2         1

        CLASS   SFR0           

        CLASS   SFR1           

        CLASS   SFR2           

        CLASS   SFR3           

        CLASS   CONFIG         
                config                             2007     2007        2         4

        CLASS   IDLOC          

        CLASS   EEDATA         



SEGMENTS        Name                           Load    Length   Top    Selector   Space  Class     Delta

                reset_vec                      000000  000003  000003         0       0  CODE        2
                intentry                       000004  000288  00028C         8       0  CODE        2
                cstackBANK0                    000020  000036  000056        20       1  BANK0       1
                cstackCOMMON                   000070  00000D  00007D        70       1  COMMON      1
                strings                        00028C  000020  0002AC       518       0  STRING      2
                text4                          0002AC  00008C  000338       558       0  CODE        2


UNUSED ADDRESS RANGES

        Name                Unused          Largest block    Delta
        BANK0            0056-006F             1A           1
        BANK1            00A0-00EF             50           1
        BANK2            0110-016F             60           1
        BANK3            0190-01EF             60           1
        CODE             0003-0003              1           2
                         0338-1FFF            800
        COMMON           007D-007D              1           1
        CONST            0003-0003              1           2
                         0338-1FFF            100
        EEDATA           2100-21FF            100           2
        ENTRY            0003-0003              1           2
                         0338-1FFF            100
        IDLOC            2000-2003              4           2
        RAM              0056-006F             1A           1
                         00A0-00EF             50
                         0110-016F             60
                         0190-01EF             60
        SFR0             0000-001F             20           1
        SFR1             0080-009F             20           1
        SFR2             0100-010F             10           1
        SFR3             0180-018F             10           1
        STACK            0110-016F             60           1
        STRCODE          0003-0003              1           2
                         0338-1FFF           1CC8
        STRING           0003-0003              1           2
                         0338-1FFF            100

                                  Symbol Table

?_strcmp                 cstackBANK0  0020
_ANSEL                   (abs)        0188
_ANSELH                  (abs)        0189
_INTCONbits              (abs)        000B
_IOCB                    (abs)        0096
_OPTION_REG              (abs)        0081
_PORTA                   (abs)        0005
_PORTB                   (abs)        0006
_PORTC                   (abs)        0007
_PORTD                   (abs)        0008
_PORTDbits               (abs)        0008
_PORTE                   (abs)        0009
_PORTEbits               (abs)        0009
_TMR0                    (abs)        0001
_TRISA                   (abs)        0085
_TRISBbits               (abs)        0086
_TRISC                   (abs)        0087
_TRISD                   (abs)        0088
_TRISE                   (abs)        0089
__Habs1                  abs1         0000
__Hbank0                 bank0        0000
__Hbank1                 bank1        0000
__Hbank2                 bank2        0000
__Hbank3                 bank3        0000
__Hcinit                 cinit        0027
__Hclrtext               clrtext      0000
__Hcode                  code         0000
__Hcommon                common       0000
__Hconfig                config       2009
__HcstackBANK0           cstackBANK0  0000
__HcstackCOMMON          cstackCOMMON 0000
__HdataBANK0             dataBANK0    0000
__Heeprom_data           eeprom_data  0000
__Hend_init              end_init     0015
__Hfunctab               functab      0000
__HidataBANK0            idataBANK0   0000
__Hinit                  init         0012
__Hinittext              inittext     0000
__Hintentry              intentry     0012
__Hmaintext              maintext     0000
__Hpowerup               powerup      0000
__Hram                   ram          0000
__Hreset_vec             reset_vec    0003
__Hsfr0                  sfr0         0000
__Hsfr1                  sfr1         0000
__Hsfr2                  sfr2         0000
__Hsfr3                  sfr3         0000
__Hspace_0               (abs)        0338
__Hspace_1               (abs)        007D
__Hspace_2               (abs)        0000
__Hspace_3               (abs)        0000
__Hspace_4               (abs)        4010
__Hstack                 stack        0000
__Hstrings               strings      0000
__Htext                  text         0000
__Labs1                  abs1         0000
__Lbank0                 bank0        0000
__Lbank1                 bank1        0000
__Lbank2                 bank2        0000
__Lbank3                 bank3        0000
__Lcinit                 cinit        0015
__Lclrtext               clrtext      0000
__Lcode                  code         0000
__Lcommon                common       0000
__Lconfig                config       0000
__LcstackBANK0           cstackBANK0  0000
__LcstackCOMMON          cstackCOMMON 0000
__LdataBANK0             dataBANK0    0000
__Leeprom_data           eeprom_data  0000
__Lend_init              end_init     0012
__Lfunctab               functab      0000
__LidataBANK0            idataBANK0   0000
__Linit                  init         0012
__Linittext              inittext     0000
__Lintentry              intentry     0004
__Lmaintext              maintext     0000
__Lpowerup               powerup      0000
__Lram                   ram          0000
__Lreset_vec             reset_vec    0000
__Lsfr0                  sfr0         0000
__Lsfr1                  sfr1         0000
__Lsfr2                  sfr2         0000
__Lsfr3                  sfr3         0000
__Lspace_0               (abs)        0000
__Lspace_1               (abs)        0000
__Lspace_2               (abs)        0000
__Lspace_3               (abs)        0000
__Lspace_4               (abs)        0000
__Lstack                 stack        0000
__Lstrings               strings      0000
__Ltext                  text         0000
__S0                     (abs)        0338
__S1                     (abs)        007D
__S2                     (abs)        0000
__S3                     (abs)        0000
___int_sp                stack        0000
___latbits               (abs)        0002
___sp                    stack        0000
___stackhi               (abs)        0000
___stacklo               (abs)        0000
__end_of__initialization cinit        0023
__end_of__stringtab      strings      0292
__end_of_alarm           text9        01D1
__end_of_antiRebound     text6        0268
__end_of_c_port          text7        0209
__end_of_keyPad          text1        017B
__end_of_main            maintext     028C
__end_of_printLCD        text4        02C3
__end_of_send_char       text5        02D8
__end_of_send_cmd        text8        02ED
__end_of_strcmp          text3        0239
__end_of_verification    text2        00E0
__end_ofi1_send_char     text11       0315
__end_ofi1_send_cmd      text10       0301
__initialization         cinit        0015
__pcstackBANK0           cstackBANK0  0020
__pcstackCOMMON          cstackCOMMON 0070
__pdataBANK0             dataBANK0    0046
__pidataBANK0            idataBANK0   0328
__pintentry              intentry     0004
__pmaintext              maintext     0268
__pstrings               strings      028C
__ptext1                 text1        00E0
__ptext10                text10       02ED
__ptext11                text11       0301
__ptext2                 text2        0027
__ptext3                 text3        0209
__ptext4                 text4        02AC
__ptext5                 text5        02C3
__ptext6                 text6        0239
__ptext7                 text7        01D1
__ptext8                 text8        02D8
__ptext9                 text9        017B
__size_of_alarm          (abs)        0000
__size_of_antiRebound    (abs)        0000
__size_of_c_port         (abs)        0000
__size_of_keyPad         (abs)        0000
__size_of_main           (abs)        0000
__size_of_printLCD       (abs)        0000
__size_of_send_char      (abs)        0000
__size_of_send_cmd       (abs)        0000
__size_of_strcmp         (abs)        0000
__size_of_verification   (abs)        0000
__size_ofi1_send_char    (abs)        0000
__size_ofi1_send_cmd     (abs)        0000
__stringbase             strings      0291
__stringtab              strings      028C
_alarm                   text9        017B
_antiRebound             text6        0239
_c_port                  text7        01D1
_keyPad                  text1        00E0
_main                    maintext     0268
_printLCD                text4        02AC
_send_char               text5        02C3
_send_cmd                text8        02D8
_strcmp                  text3        0209
_verification            text2        0027
alarm@esp                cstackCOMMON 007A
alarm@i                  cstackCOMMON 007B
antiRebound@F1374        dataBANK0    0046
antiRebound@key          cstackBANK0  0034
antiRebound@keyboard     cstackBANK0  0024
btemp                    (abs)        007E
c_port@character         cstackBANK0  0023
end_of_initialization    cinit        0023
i1_send_char             text11       0301
i1_send_cmd              text10       02ED
i1send_char@character    cstackCOMMON 0072
i1send_cmd@character     cstackCOMMON 0072
init_fetch0              inittext     0315
init_ram0                inittext     0319
interrupt_function       intentry     0004
intlevel0                functab      0000
intlevel1                functab      0000
intlevel2                functab      0000
intlevel3                functab      0000
intlevel4                functab      0000
intlevel5                functab      0000
keyPad@hBits             cstackBANK0  003E
keyPad@key               cstackBANK0  0042
keyPad@password          cstackBANK0  003A
keyPad@selec             cstackBANK0  0043
keyPad@space             cstackBANK0  0040
main@est                 cstackBANK0  0044
printLCD@key             cstackBANK0  0023
reset_vec                reset_vec    0000
saved_w                  (abs)        007E
send_char@character      cstackBANK0  0022
send_cmd@character       cstackBANK0  0022
start                    init         0012
start_initialization     cinit        0015
strcmp@r                 cstackBANK0  0025
strcmp@s1                cstackBANK0  0026
strcmp@s2                cstackBANK0  0020
verification@acep        cstackBANK0  002B
verification@i           cstackBANK0  002E
verification@i_148       cstackBANK0  0030
verification@inv         cstackBANK0  002A
verification@pass        cstackBANK0  002C
verification@password    cstackBANK0  002D
wtemp0                   (abs)        007E


FUNCTION INFORMATION:

 *************** function _main *****************
 Defined at:
		line 215 in file "main.c"
 Parameters:    Size  Location     Type
		None
 Auto vars:     Size  Location     Type
  est             2   36[BANK0 ] int 
  pass            2    0        unsigned short 
 Return value:  Size  Location     Type
                  1    wreg      void 
 Registers used:
		wreg, fsr0l, fsr0h, status,2, status,0, btemp+1, pclath, cstack
 Tracked objects:
		On entry : 
		On exit  : 
		Unchanged: 
 Data sizes:     COMMON   BANK0   BANK1   BANK3   BANK2
      Params:         0       0       0       0       0
      Locals:         0       2       0       0       0
      Temps:          0       0       0       0       0
      Totals:         0       2       0       0       0
Total ram usage:        2 bytes
 Hardware stack levels required when called:    5
 This function calls:
		_c_port
		_keyPad
 This function is called by:
		Startup code after reset
 This function uses a non-reentrant model


 *************** function _keyPad *****************
 Defined at:
		line 23 in file "main.c"
 Parameters:    Size  Location     Type
		None
 Auto vars:     Size  Location     Type
  password        4   26[BANK0 ] unsigned char [4]
  space           2   32[BANK0 ] int 
  hBits           2   30[BANK0 ] int 
  selec           1   35[BANK0 ] unsigned char 
  key             1   34[BANK0 ] unsigned char 
 Return value:  Size  Location     Type
                  2   21[BANK0 ] int 
 Registers used:
		wreg, fsr0l, fsr0h, status,2, status,0, btemp+1, pclath, cstack
 Tracked objects:
		On entry : 
		On exit  : 
		Unchanged: 
 Data sizes:     COMMON   BANK0   BANK1   BANK3   BANK2
      Params:         0       2       0       0       0
      Locals:         0      10       0       0       0
      Temps:          0       3       0       0       0
      Totals:         0      15       0       0       0
Total ram usage:       15 bytes
 Hardware stack levels used:    1
 Hardware stack levels required when called:    4
 This function calls:
		_antiRebound
		_printLCD
		_verification
 This function is called by:
		_main
 This function uses a non-reentrant model


 *************** function _verification *****************
 Defined at:
		line 81 in file "main.c"
 Parameters:    Size  Location     Type
  password        1    wreg     PTR unsigned char 
		 -> keyPad@password(4), 
 Auto vars:     Size  Location     Type
  password        1   13[BANK0 ] PTR unsigned char 
		 -> keyPad@password(4), 
  i               2   16[BANK0 ] int 
  i               2   14[BANK0 ] int 
  validation      2    0        int 
  pass            1   12[BANK0 ] PTR unsigned char 
		 -> STR_3(6), 
  acep            1   11[BANK0 ] PTR unsigned char 
		 -> STR_2(6), 
  inv             1   10[BANK0 ] PTR unsigned char 
		 -> STR_1(8), 
 Return value:  Size  Location     Type
                  1    wreg      void 
 Registers used:
		wreg, fsr0l, fsr0h, status,2, status,0, btemp+1, pclath, cstack
 Tracked objects:
		On entry : 
		On exit  : 
		Unchanged: 
 Data sizes:     COMMON   BANK0   BANK1   BANK3   BANK2
      Params:         0       0       0       0       0
      Locals:         0       8       0       0       0
      Temps:          0       3       0       0       0
      Totals:         0      11       0       0       0
Total ram usage:       11 bytes
 Hardware stack levels used:    1
 Hardware stack levels required when called:    3
 This function calls:
		_send_char
		_send_cmd
		_strcmp
 This function is called by:
		_keyPad
 This function uses a non-reentrant model


 *************** function _strcmp *****************
 Defined at:
		line 33 in file "C:\Program Files\Microchip\xc8\v2.31\pic\sources\c90\common\strcmp.c"
 Parameters:    Size  Location     Type
  s1              1    wreg     PTR const unsigned char 
		 -> keyPad@password(4), 
  s2              1    0[BANK0 ] PTR const unsigned char 
		 -> STR_3(6), 
 Auto vars:     Size  Location     Type
  s1              1    6[BANK0 ] PTR const unsigned char 
		 -> keyPad@password(4), 
  r               1    5[BANK0 ] char 
 Return value:  Size  Location     Type
                  2    0[BANK0 ] int 
 Registers used:
		wreg, fsr0l, fsr0h, status,2, status,0, pclath
 Tracked objects:
		On entry : 
		On exit  : 
		Unchanged: 
 Data sizes:     COMMON   BANK0   BANK1   BANK3   BANK2
      Params:         0       2       0       0       0
      Locals:         0       2       0       0       0
      Temps:          0       3       0       0       0
      Totals:         0       7       0       0       0
Total ram usage:        7 bytes
 Hardware stack levels used:    1
 Hardware stack levels required when called:    2
 This function calls:
		Nothing
 This function is called by:
		_verification
 This function uses a non-reentrant model


 *************** function _printLCD *****************
 Defined at:
		line 56 in file "main.c"
 Parameters:    Size  Location     Type
  key             1    wreg     unsigned char 
 Auto vars:     Size  Location     Type
  key             1    3[BANK0 ] unsigned char 
 Return value:  Size  Location     Type
                  1    wreg      void 
 Registers used:
		wreg, status,2, status,0, pclath, cstack
 Tracked objects:
		On entry : 
		On exit  : 
		Unchanged: 
 Data sizes:     COMMON   BANK0   BANK1   BANK3   BANK2
      Params:         0       0       0       0       0
      Locals:         0       1       0       0       0
      Temps:          0       0       0       0       0
      Totals:         0       1       0       0       0
Total ram usage:        1 bytes
 Hardware stack levels used:    1
 Hardware stack levels required when called:    3
 This function calls:
		_send_char
		_send_cmd
 This function is called by:
		_keyPad
 This function uses a non-reentrant model


 *************** function _send_char *****************
 Defined at:
		line 6 in file "cmd.c"
 Parameters:    Size  Location     Type
  character       1    wreg     unsigned char 
 Auto vars:     Size  Location     Type
  character       1    2[BANK0 ] unsigned char 
 Return value:  Size  Location     Type
                  1    wreg      void 
 Registers used:
		wreg
 Tracked objects:
		On entry : 
		On exit  : 
		Unchanged: 
 Data sizes:     COMMON   BANK0   BANK1   BANK3   BANK2
      Params:         0       0       0       0       0
      Locals:         0       1       0       0       0
      Temps:          0       2       0       0       0
      Totals:         0       3       0       0       0
Total ram usage:        3 bytes
 Hardware stack levels used:    1
 Hardware stack levels required when called:    2
 This function calls:
		Nothing
 This function is called by:
		_printLCD
		_verification
 This function uses a non-reentrant model


 *************** function _antiRebound *****************
 Defined at:
		line 65 in file "main.c"
 Parameters:    Size  Location     Type
  key             1    wreg     unsigned char 
 Auto vars:     Size  Location     Type
  key             1   20[BANK0 ] unsigned char 
  keyboard       16    4[BANK0 ] unsigned char [16]
 Return value:  Size  Location     Type
                  1    wreg      unsigned char 
 Registers used:
		wreg, fsr0l, fsr0h, status,2, status,0
 Tracked objects:
		On entry : 
		On exit  : 
		Unchanged: 
 Data sizes:     COMMON   BANK0   BANK1   BANK3   BANK2
      Params:         0       0       0       0       0
      Locals:         0      17       0       0       0
      Temps:          0       4       0       0       0
      Totals:         0      21       0       0       0
Total ram usage:       21 bytes
 Hardware stack levels used:    1
 Hardware stack levels required when called:    2
 This function calls:
		Nothing
 This function is called by:
		_keyPad
 This function uses a non-reentrant model


 *************** function _c_port *****************
 Defined at:
		line 39 in file "config_port.c"
 Parameters:    Size  Location     Type
		None
 Auto vars:     Size  Location     Type
  character       1    3[BANK0 ] unsigned char 
 Return value:  Size  Location     Type
                  1    wreg      void 
 Registers used:
		wreg, status,2, status,0, pclath, cstack
 Tracked objects:
		On entry : 
		On exit  : 
		Unchanged: 
 Data sizes:     COMMON   BANK0   BANK1   BANK3   BANK2
      Params:         0       0       0       0       0
      Locals:         0       1       0       0       0
      Temps:          0       0       0       0       0
      Totals:         0       1       0       0       0
Total ram usage:        1 bytes
 Hardware stack levels used:    1
 Hardware stack levels required when called:    3
 This function calls:
		_send_cmd
 This function is called by:
		_main
 This function uses a non-reentrant model


 *************** function _send_cmd *****************
 Defined at:
		line 15 in file "cmd.c"
 Parameters:    Size  Location     Type
  character       1    wreg     unsigned char 
 Auto vars:     Size  Location     Type
  character       1    2[BANK0 ] unsigned char 
 Return value:  Size  Location     Type
                  1    wreg      void 
 Registers used:
		wreg
 Tracked objects:
		On entry : 
		On exit  : 
		Unchanged: 
 Data sizes:     COMMON   BANK0   BANK1   BANK3   BANK2
      Params:         0       0       0       0       0
      Locals:         0       1       0       0       0
      Temps:          0       2       0       0       0
      Totals:         0       3       0       0       0
Total ram usage:        3 bytes
 Hardware stack levels used:    1
 Hardware stack levels required when called:    2
 This function calls:
		Nothing
 This function is called by:
		_printLCD
		_verification
		_c_port
 This function uses a non-reentrant model


 *************** function _alarm *****************
 Defined at:
		line 194 in file "main.c"
 Parameters:    Size  Location     Type
		None
 Auto vars:     Size  Location     Type
  i               2   11[COMMON] int 
  esp             1   10[COMMON] PTR unsigned char 
		 -> STR_4(6), 
 Return value:  Size  Location     Type
                  1    wreg      void 
 Registers used:
		wreg, fsr0l, fsr0h, status,2, status,0, btemp+1, pclath, cstack
 Tracked objects:
		On entry : 
		On exit  : 
		Unchanged: 
 Data sizes:     COMMON   BANK0   BANK1   BANK3   BANK2
      Params:         0       0       0       0       0
      Locals:         3       0       0       0       0
      Temps:          7       0       0       0       0
      Totals:        10       0       0       0       0
Total ram usage:       10 bytes
 Hardware stack levels used:    1
 Hardware stack levels required when called:    1
 This function calls:
		i1_send_char
		i1_send_cmd
 This function is called by:
		Interrupt level 1
 This function uses a non-reentrant model


 *************** function i1_send_cmd *****************
 Defined at:
		line 15 in file "cmd.c"
 Parameters:    Size  Location     Type
  character       1    wreg     unsigned char 
 Auto vars:     Size  Location     Type
  character       1    2[COMMON] unsigned char 
 Return value:  Size  Location     Type
                  1    wreg      void 
 Registers used:
		wreg
 Tracked objects:
		On entry : 
		On exit  : 
		Unchanged: 
 Data sizes:     COMMON   BANK0   BANK1   BANK3   BANK2
      Params:         0       0       0       0       0
      Locals:         1       0       0       0       0
      Temps:          2       0       0       0       0
      Totals:         3       0       0       0       0
Total ram usage:        3 bytes
 Hardware stack levels used:    1
 This function calls:
		Nothing
 This function is called by:
		_alarm
 This function uses a non-reentrant model


 *************** function i1_send_char *****************
 Defined at:
		line 6 in file "cmd.c"
 Parameters:    Size  Location     Type
  character       1    wreg     unsigned char 
 Auto vars:     Size  Location     Type
  character       1    2[COMMON] unsigned char 
 Return value:  Size  Location     Type
                  1    wreg      void 
 Registers used:
		wreg
 Tracked objects:
		On entry : 
		On exit  : 
		Unchanged: 
 Data sizes:     COMMON   BANK0   BANK1   BANK3   BANK2
      Params:         0       0       0       0       0
      Locals:         1       0       0       0       0
      Temps:          2       0       0       0       0
      Totals:         3       0       0       0       0
Total ram usage:        3 bytes
 Hardware stack levels used:    1
 This function calls:
		Nothing
 This function is called by:
		_alarm
 This function uses a non-reentrant model



MODULE INFORMATION

Module		Function		Class		Link	Load	Size
cmd.c
		_send_cmd      		CODE           	02D8	0000	21
		_send_char     		CODE           	02C3	0000	21

cmd.c estimated size: 42

config_port.c
		_c_port        		CODE           	01D1	0000	56

config_port.c estimated size: 56

shared
		i1_send_cmd    		CODE           	02ED	0000	20
		i1_send_char   		CODE           	0301	0000	20
		__stringtab    		STRING         	028C	0000	6
		__initialization		CODE           	0015	0000	14

shared estimated size: 60

C:\Program Files\Microchip\xc8\v2.31\pic\sources\c90\common\strcmp.c
		_strcmp        		CODE           	0209	0000	48

C:\Program Files\Microchip\xc8\v2.31\pic\sources\c90\common\strcmp.c estimated size: 48

main.c
		_alarm         		CODE           	017B	0000	86
		_verification  		CODE           	0027	0000	185
		_main          		CODE           	0268	0000	36
		_keyPad        		CODE           	00E0	0000	155
		_antiRebound   		CODE           	0239	0000	47
		_printLCD      		CODE           	02AC	0000	23

main.c estimated size: 532

