Microchip MPLAB XC8 Compiler V2.31

Linker command line:

-W-3 --edf=C:\Program Files\Microchip\xc8\v2.31\pic\dat\en_msgs.txt -cn \
  -h+dist/default/production\Casa-domotica-master.production.sym \
  --cmf=dist/default/production\Casa-domotica-master.production.cmf -z \
  -Q16F887 -oC:\Users\Alex\AppData\Local\Temp\scj8.2 \
  --defsym=__MPLAB_BUILD=1 \
  -Mdist/default/production/Casa-domotica-master.production.map -E1 \
  -ver=XC8 Compiler --acfsm=1493 -ASTACK=0110h-016Fh -pstack=STACK \
  -ACODE=00h-07FFhx4 -ASTRCODE=00h-01FFFh -ASTRING=00h-0FFhx32 \
  -ACONST=00h-0FFhx32 -AENTRY=00h-0FFhx32 -ACOMMON=070h-07Fh \
  -ABANK0=020h-06Fh -ABANK1=0A0h-0EFh -ABANK2=0110h-016Fh \
  -ABANK3=0190h-01EFh -ARAM=020h-06Fh,0A0h-0EFh,0110h-016Fh,0190h-01EFh \
  -AABS1=020h-07Fh,0A0h-0EFh,0110h-016Fh,0190h-01EFh -ASFR0=00h-01Fh \
  -ASFR1=080h-09Fh -ASFR2=0100h-010Fh -ASFR3=0180h-018Fh \
  -ACONFIG=02007h-02008h -DCONFIG=2 -AIDLOC=02000h-02003h -DIDLOC=2 \
  -AEEDATA=00h-0FFh/02100h -peeprom_data=EEDATA -DEEDATA=2 -DCODE=2 \
  -DSTRCODE=2 -DSTRING=2 -DCONST=2 -DENTRY=2 \
  -preset_vec=00h,intentry,init,end_init -ppowerup=CODE -pcinit=CODE \
  -pfunctab=ENTRY -k C:\Users\Alex\AppData\Local\Temp\scj8.o \
  dist/default/production\Casa-domotica-master.production.o 

Object code version is 3.11

Machine type is 16F887



                Name                               Link     Load   Length Selector   Space Scale
C:\Users\Alex\AppData\Local\Temp\scj8.o
                end_init                              0        0        3        0       0
                config                             2007     2007        2        0       4
dist/default/production\Casa-domotica-master.production.o
                cinit                               7EE      7EE       12      FDC       0
                config                             2007     2007        2        0       4
                text6                               5D5      5D5       14      BAA       0
                text5                               662      662       32      CC4       0
                text4                               633      633       2F      C66       0
                text3                               5E9      5E9       14      BD2       0
                text2                               70B      70B       E3      E16       0
                text1                               694      694       77      D28       0
                maintext                            611      611       22      C22       0
                cstackBANK0                          20       20       1C       20       1
                cstackCOMMON                         70       70        A       70       1
                inittext                            5C2      5C2       13      B84       0
                dataBANK0                            3C       3C       14       20       1
                strings                               3        3       30        6       0
                idataBANK0                          5FD      5FD       14      BFA       0

TOTAL           Name                               Link     Load   Length     Space
        CLASS   STACK          

        CLASS   CODE           
                end_init                              0        0        3         0
                cinit                               7EE      7EE       12         0
                text6                               5D5      5D5       14         0
                text5                               662      662       32         0
                text4                               633      633       2F         0
                text3                               5E9      5E9       14         0
                text2                               70B      70B       E3         0
                text1                               694      694       77         0
                maintext                            611      611       22         0
                inittext                            5C2      5C2       13         0
                idataBANK0                          5FD      5FD       14         0

        CLASS   STRCODE        

        CLASS   STRING         
                strings                               3        3       30         0

        CLASS   CONST          

        CLASS   ENTRY          

        CLASS   COMMON         
                cstackCOMMON                         70       70        A         1

        CLASS   BANK0          
                cstackBANK0                          20       20       1C         1
                dataBANK0                            3C       3C       14         1

        CLASS   BANK1          

        CLASS   BANK2          

        CLASS   BANK3          

        CLASS   RAM            

        CLASS   ABS1           
                abs_s1                               7E       7E        2         1

        CLASS   SFR0           

        CLASS   SFR1           

        CLASS   SFR2           

        CLASS   SFR3           

        CLASS   CONFIG         
                config                             2007     2007        2         4

        CLASS   IDLOC          

        CLASS   EEDATA         



SEGMENTS        Name                           Load    Length   Top    Selector   Space  Class     Delta

                reset_vec                      000000  000003  000003         0       0  CODE        2
                strings                        000003  000030  000033         6       0  STRING      2
                cstackBANK0                    000020  000030  000050        20       1  BANK0       1
                cstackCOMMON                   000070  00000A  00007A        70       1  COMMON      1
                inittext                       0005C2  000013  0005D5       B84       0  CODE        2
                text6                          0005D5  000014  0005E9       BAA       0  CODE        2
                text3                          0005E9  000014  0005FD       BD2       0  CODE        2
                idataBANK0                     0005FD  000014  000611       BFA       0  CODE        2
                maintext                       000611  000022  000633       C22       0  CODE        2
                text4                          000633  00002F  000662       C66       0  CODE        2
                text5                          000662  000032  000694       CC4       0  CODE        2
                text1                          000694  000077  00070B       D28       0  CODE        2
                text2                          00070B  0000E3  0007EE       E16       0  CODE        2
                cinit                          0007EE  000012  000800       FDC       0  CODE        2


UNUSED ADDRESS RANGES

        Name                Unused          Largest block    Delta
        BANK0            0050-006F             20           1
        BANK1            00A0-00EF             50           1
        BANK2            0110-016F             60           1
        BANK3            0190-01EF             60           1
        CODE             0033-05C1            58F           2
                         0800-1FFF            800
        COMMON           007A-007D              4           1
        CONST            0033-05C1            100           2
                         0800-1FFF            100
        EEDATA           2100-21FF            100           2
        ENTRY            0033-05C1            100           2
                         0800-1FFF            100
        IDLOC            2000-2003              4           2
        RAM              0050-006F             20           1
                         00A0-00EF             50
                         0110-016F             60
                         0190-01EF             60
        SFR0             0000-001F             20           1
        SFR1             0080-009F             20           1
        SFR2             0100-010F             10           1
        SFR3             0180-018F             10           1
        STACK            0110-016F             60           1
        STRCODE          0033-05C1            58F           2
                         0800-1FFF           1800
        STRING           0033-05C1            100           2
                         0800-1FFF            100

                                  Symbol Table

?_inpassword             cstackBANK0  0031
_ANSEL                   (abs)        0188
_ANSELH                  (abs)        0189
_PORTA                   (abs)        0005
_PORTB                   (abs)        0006
_PORTC                   (abs)        0007
_PORTCbits               (abs)        0007
_PORTD                   (abs)        0008
_PORTDbits               (abs)        0008
_PORTE                   (abs)        0009
_PORTEbits               (abs)        0009
_TRISA                   (abs)        0085
_TRISBbits               (abs)        0086
_TRISC                   (abs)        0087
_TRISD                   (abs)        0088
_TRISE                   (abs)        0089
__Habs1                  abs1         0000
__Hbank0                 bank0        0000
__Hbank1                 bank1        0000
__Hbank2                 bank2        0000
__Hbank3                 bank3        0000
__Hcinit                 cinit        0800
__Hclrtext               clrtext      0000
__Hcode                  code         0000
__Hcommon                common       0000
__Hconfig                config       2009
__HcstackBANK0           cstackBANK0  0000
__HcstackCOMMON          cstackCOMMON 0000
__HdataBANK0             dataBANK0    0000
__Heeprom_data           eeprom_data  0000
__Hend_init              end_init     0003
__Hfunctab               functab      0000
__HidataBANK0            idataBANK0   0000
__Hinit                  init         0000
__Hinittext              inittext     0000
__Hintentry              intentry     0000
__Hmaintext              maintext     0000
__Hpowerup               powerup      0000
__Hram                   ram          0000
__Hreset_vec             reset_vec    0000
__Hsfr0                  sfr0         0000
__Hsfr1                  sfr1         0000
__Hsfr2                  sfr2         0000
__Hsfr3                  sfr3         0000
__Hspace_0               (abs)        0800
__Hspace_1               (abs)        007A
__Hspace_2               (abs)        0000
__Hspace_3               (abs)        0000
__Hspace_4               (abs)        4010
__Hstack                 stack        0000
__Hstrings               strings      0000
__Htext                  text         0000
__Labs1                  abs1         0000
__Lbank0                 bank0        0000
__Lbank1                 bank1        0000
__Lbank2                 bank2        0000
__Lbank3                 bank3        0000
__Lcinit                 cinit        07EE
__Lclrtext               clrtext      0000
__Lcode                  code         0000
__Lcommon                common       0000
__Lconfig                config       0000
__LcstackBANK0           cstackBANK0  0000
__LcstackCOMMON          cstackCOMMON 0000
__LdataBANK0             dataBANK0    0000
__Leeprom_data           eeprom_data  0000
__Lend_init              end_init     0000
__Lfunctab               functab      0000
__LidataBANK0            idataBANK0   0000
__Linit                  init         0000
__Linittext              inittext     0000
__Lintentry              intentry     0000
__Lmaintext              maintext     0000
__Lpowerup               powerup      0000
__Lram                   ram          0000
__Lreset_vec             reset_vec    0000
__Lsfr0                  sfr0         0000
__Lsfr1                  sfr1         0000
__Lsfr2                  sfr2         0000
__Lsfr3                  sfr3         0000
__Lspace_0               (abs)        0000
__Lspace_1               (abs)        0000
__Lspace_2               (abs)        0000
__Lspace_3               (abs)        0000
__Lspace_4               (abs)        0000
__Lstack                 stack        0000
__Lstrings               strings      0000
__Ltext                  text         0000
__S0                     (abs)        0800
__S1                     (abs)        007A
__S2                     (abs)        0000
__S3                     (abs)        0000
___int_sp                stack        0000
___latbits               (abs)        0002
___sp                    stack        0000
___stackhi               (abs)        0000
___stacklo               (abs)        0000
__end_of__initialization cinit        07FC
__end_of__stringtab      strings      0009
__end_of_antiRebound     text4        0662
__end_of_c_port          text5        0694
__end_of_inpassword      text1        070B
__end_of_main            maintext     0633
__end_of_send_char       text3        05FD
__end_of_send_cmd        text6        05E9
__end_of_verification    text2        07EE
__initialization         cinit        07EE
__pcstackBANK0           cstackBANK0  0020
__pcstackCOMMON          cstackCOMMON 0070
__pdataBANK0             dataBANK0    003C
__pidataBANK0            idataBANK0   05FD
__pmaintext              maintext     0611
__pstrings               strings      0003
__ptext1                 text1        0694
__ptext2                 text2        070B
__ptext3                 text3        05E9
__ptext4                 text4        0633
__ptext5                 text5        0662
__ptext6                 text6        05D5
__size_of_antiRebound    (abs)        0000
__size_of_c_port         (abs)        0000
__size_of_inpassword     (abs)        0000
__size_of_main           (abs)        0000
__size_of_send_char      (abs)        0000
__size_of_send_cmd       (abs)        0000
__size_of_verification   (abs)        0000
__stringbase             strings      0008
__stringtab              strings      0003
_antiRebound             text4        0633
_c_port                  text5        0662
_inpassword              text1        0694
_main                    maintext     0611
_send_char               text3        05E9
_send_cmd                text6        05D5
_verification            text2        070B
antiRebound@F1286        dataBANK0    003C
antiRebound@key          cstackBANK0  0030
antiRebound@keyboard     cstackBANK0  0020
btemp                    (abs)        007E
c_port@character         cstackCOMMON 0073
end_of_initialization    cinit        07FC
init_fetch0              inittext     05C2
init_ram0                inittext     05C6
inpassword@F1281         dataBANK0    004C
inpassword@hBits         cstackBANK0  003A
inpassword@i             cstackBANK0  0037
inpassword@key           cstackBANK0  003B
inpassword@password      cstackBANK0  0033
intlevel0                functab      0000
intlevel1                functab      0000
intlevel2                functab      0000
intlevel3                functab      0000
intlevel4                functab      0000
intlevel5                functab      0000
main@est                 cstackCOMMON 0078
reset_vec                reset_vec    0000
send_char@character      cstackCOMMON 0072
send_cmd@character       cstackCOMMON 0072
start                    init         0000
start_initialization     cinit        07EE
verification@acep        cstackBANK0  0024
verification@i           cstackBANK0  002B
verification@i_126       cstackBANK0  0027
verification@i_135       cstackBANK0  0029
verification@inv         cstackBANK0  0023
verification@pass        cstackBANK0  0025
verification@password    cstackBANK0  0026
verification@validation  cstackBANK0  0021
wtemp0                   (abs)        007E


FUNCTION INFORMATION:

 *************** function _main *****************
 Defined at:
		line 244 in file "main.c"
 Parameters:    Size  Location     Type
		None
 Auto vars:     Size  Location     Type
  est             2    8[COMMON] int 
  pass            2    0        unsigned short 
 Return value:  Size  Location     Type
                  1    wreg      void 
 Registers used:
		wreg, fsr0l, fsr0h, status,2, status,0, btemp+1, pclath, cstack
 Tracked objects:
		On entry : 
		On exit  : 
		Unchanged: 
 Data sizes:     COMMON   BANK0   BANK1   BANK3   BANK2
      Params:         0       0       0       0       0
      Locals:         2       0       0       0       0
      Temps:          0       0       0       0       0
      Totals:         2       0       0       0       0
Total ram usage:        2 bytes
 Hardware stack levels required when called:    3
 This function calls:
		_c_port
		_inpassword
 This function is called by:
		Startup code after reset
 This function uses a non-reentrant model


 *************** function _inpassword *****************
 Defined at:
		line 35 in file "main.c"
 Parameters:    Size  Location     Type
		None
 Auto vars:     Size  Location     Type
  password        4   19[BANK0 ] unsigned char [4]
  i               2   23[BANK0 ] int 
  key             1   27[BANK0 ] unsigned char 
  hBits           1   26[BANK0 ] unsigned char 
  in              1    0        unsigned char 
 Return value:  Size  Location     Type
                  2   17[BANK0 ] int 
 Registers used:
		wreg, fsr0l, fsr0h, status,2, status,0, btemp+1, pclath, cstack
 Tracked objects:
		On entry : 
		On exit  : 
		Unchanged: 
 Data sizes:     COMMON   BANK0   BANK1   BANK3   BANK2
      Params:         0       2       0       0       0
      Locals:         0       9       0       0       0
      Temps:          2       0       0       0       0
      Totals:         2      11       0       0       0
Total ram usage:       13 bytes
 Hardware stack levels used:    1
 Hardware stack levels required when called:    2
 This function calls:
		_antiRebound
		_verification
 This function is called by:
		_main
 This function uses a non-reentrant model


 *************** function _verification *****************
 Defined at:
		line 100 in file "main.c"
 Parameters:    Size  Location     Type
  password        1    wreg     PTR unsigned char 
		 -> inpassword@password(4), 
 Auto vars:     Size  Location     Type
  password        1    6[BANK0 ] PTR unsigned char 
		 -> inpassword@password(4), 
  i               2    9[BANK0 ] int 
  i               2    7[BANK0 ] int 
  i               2   11[BANK0 ] int 
  validation      2    1[BANK0 ] int 
  pass            1    5[BANK0 ] PTR unsigned char 
		 -> STR_4(6), 
  acep            1    4[BANK0 ] PTR unsigned char 
		 -> STR_2(9), 
  inv             1    3[BANK0 ] PTR unsigned char 
		 -> STR_1(9), 
  esp             1    0        PTR unsigned char 
		 -> STR_3(18), 
 Return value:  Size  Location     Type
                  1    wreg      void 
 Registers used:
		wreg, fsr0l, fsr0h, status,2, status,0, btemp+1, pclath, cstack
 Tracked objects:
		On entry : 
		On exit  : 
		Unchanged: 
 Data sizes:     COMMON   BANK0   BANK1   BANK3   BANK2
      Params:         0       0       0       0       0
      Locals:         0      13       0       0       0
      Temps:          3       0       0       0       0
      Totals:         3      13       0       0       0
Total ram usage:       16 bytes
 Hardware stack levels used:    1
 Hardware stack levels required when called:    1
 This function calls:
		_send_char
		_send_cmd
 This function is called by:
		_inpassword
 This function uses a non-reentrant model


 *************** function _send_char *****************
 Defined at:
		line 6 in file "cmd.c"
 Parameters:    Size  Location     Type
  character       1    wreg     unsigned char 
 Auto vars:     Size  Location     Type
  character       1    2[COMMON] unsigned char 
 Return value:  Size  Location     Type
                  1    wreg      void 
 Registers used:
		wreg
 Tracked objects:
		On entry : 
		On exit  : 
		Unchanged: 
 Data sizes:     COMMON   BANK0   BANK1   BANK3   BANK2
      Params:         0       0       0       0       0
      Locals:         1       0       0       0       0
      Temps:          2       0       0       0       0
      Totals:         3       0       0       0       0
Total ram usage:        3 bytes
 Hardware stack levels used:    1
 This function calls:
		Nothing
 This function is called by:
		_verification
 This function uses a non-reentrant model


 *************** function _antiRebound *****************
 Defined at:
		line 84 in file "main.c"
 Parameters:    Size  Location     Type
  key             1    wreg     unsigned char 
 Auto vars:     Size  Location     Type
  key             1   16[BANK0 ] unsigned char 
  keyboard       16    0[BANK0 ] unsigned char [16]
 Return value:  Size  Location     Type
                  1    wreg      unsigned char 
 Registers used:
		wreg, fsr0l, fsr0h, status,2, status,0
 Tracked objects:
		On entry : 
		On exit  : 
		Unchanged: 
 Data sizes:     COMMON   BANK0   BANK1   BANK3   BANK2
      Params:         0       0       0       0       0
      Locals:         0      17       0       0       0
      Temps:          4       0       0       0       0
      Totals:         4      17       0       0       0
Total ram usage:       21 bytes
 Hardware stack levels used:    1
 This function calls:
		Nothing
 This function is called by:
		_inpassword
 This function uses a non-reentrant model


 *************** function _c_port *****************
 Defined at:
		line 34 in file "config_port.c"
 Parameters:    Size  Location     Type
		None
 Auto vars:     Size  Location     Type
  character       1    3[COMMON] unsigned char 
 Return value:  Size  Location     Type
                  1    wreg      void 
 Registers used:
		wreg, status,2, status,0, pclath, cstack
 Tracked objects:
		On entry : 
		On exit  : 
		Unchanged: 
 Data sizes:     COMMON   BANK0   BANK1   BANK3   BANK2
      Params:         0       0       0       0       0
      Locals:         1       0       0       0       0
      Temps:          0       0       0       0       0
      Totals:         1       0       0       0       0
Total ram usage:        1 bytes
 Hardware stack levels used:    1
 Hardware stack levels required when called:    1
 This function calls:
		_send_cmd
 This function is called by:
		_main
 This function uses a non-reentrant model


 *************** function _send_cmd *****************
 Defined at:
		line 15 in file "cmd.c"
 Parameters:    Size  Location     Type
  character       1    wreg     unsigned char 
 Auto vars:     Size  Location     Type
  character       1    2[COMMON] unsigned char 
 Return value:  Size  Location     Type
                  1    wreg      void 
 Registers used:
		wreg
 Tracked objects:
		On entry : 
		On exit  : 
		Unchanged: 
 Data sizes:     COMMON   BANK0   BANK1   BANK3   BANK2
      Params:         0       0       0       0       0
      Locals:         1       0       0       0       0
      Temps:          2       0       0       0       0
      Totals:         3       0       0       0       0
Total ram usage:        3 bytes
 Hardware stack levels used:    1
 This function calls:
		Nothing
 This function is called by:
		_verification
		_c_port
 This function uses a non-reentrant model



MODULE INFORMATION

Module		Function		Class		Link	Load	Size
cmd.c
		_send_cmd      		CODE           	05D5	0000	20
		_send_char     		CODE           	05E9	0000	20

cmd.c estimated size: 40

config_port.c
		_c_port        		CODE           	0662	0000	50

config_port.c estimated size: 50

shared
		__stringtab    		STRING         	0003	0000	6
		__initialization		CODE           	07EE	0000	14

shared estimated size: 20

main.c
		_verification  		CODE           	070B	0000	227
		_main          		CODE           	0611	0000	34
		_antiRebound   		CODE           	0633	0000	47
		_inpassword    		CODE           	0694	0000	119

main.c estimated size: 427

